\BOOKMARK [1][-]{section*.4}{\376\377\0001\000\040\000I\000n\000t\000r\000o\000d\000u\000c\000t\000i\000o\000n\000\040\000a\000n\000d\000\040\000b\000a\000c\000k\000g\000r\000o\000u\000n\000d}{}% 1
\BOOKMARK [1][-]{section*.6}{\376\377\0002\000\040\000R\000e\000s\000e\000a\000r\000c\000h\000\040\000P\000r\000o\000b\000l\000e\000m}{}% 2
\BOOKMARK [2][-]{section*.8}{\376\377\0002\000.\0001\000\040\000R\000e\000s\000e\000a\000r\000c\000h\000\040\000Q\000u\000e\000s\000t\000i\000o\000n\000s}{section*.6}% 3
\BOOKMARK [2][-]{section*.10}{\376\377\0002\000.\0002\000\040\000O\000b\000j\000e\000c\000t\000i\000v\000e\000s}{section*.6}% 4
\BOOKMARK [2][-]{section*.12}{\376\377\0002\000.\0003\000\040\000E\000x\000p\000e\000c\000t\000e\000d\000\040\000R\000e\000s\000u\000l\000t\000s}{section*.6}% 5
\BOOKMARK [1][-]{section*.14}{\376\377\0003\000\040\000L\000i\000t\000e\000r\000a\000t\000u\000r\000e\000\040\000R\000e\000v\000i\000e\000w}{}% 6
\BOOKMARK [2][-]{section*.16}{\376\377\0003\000.\0001\000\040\000G\000r\000a\000p\000h\000-\000B\000a\000s\000e\000d\000\040\000O\000n\000-\000C\000h\000a\000i\000n\000\040\000R\000e\000p\000u\000t\000a\000t\000i\000o\000n\000\040\000S\000c\000o\000r\000i\000n\000g}{section*.14}% 7
\BOOKMARK [2][-]{section*.18}{\376\377\0003\000.\0002\000\040\000P\000r\000e\000d\000i\000c\000t\000i\000v\000e\000\040\000M\000o\000d\000e\000l\000i\000n\000g\000\040\000f\000o\000r\000\040\000O\000n\000-\000C\000h\000a\000i\000n\000\040\000C\000r\000e\000d\000i\000t\000\040\000R\000i\000s\000k}{section*.14}% 8
\BOOKMARK [2][-]{section*.20}{\376\377\0003\000.\0003\000\040\000I\000n\000d\000u\000s\000t\000r\000y\000\040\000I\000n\000i\000t\000i\000a\000t\000i\000v\000e\000s\000\040\000a\000n\000d\000\040\000N\000o\000n\000-\000S\000c\000h\000o\000l\000a\000r\000l\000y\000\040\000P\000e\000r\000s\000p\000e\000c\000t\000i\000v\000e\000s}{section*.14}% 9
\BOOKMARK [1][-]{section*.22}{\376\377\0004\000\040\000T\000h\000e\000o\000r\000e\000t\000i\000c\000a\000l\000\040\000F\000r\000a\000m\000e\000w\000o\000r\000k}{}% 10
\BOOKMARK [2][-]{section*.24}{\376\377\0004\000.\0001\000\040\000C\000o\000n\000s\000t\000r\000u\000c\000t\000s\000\040\000a\000n\000d\000\040\000V\000a\000r\000i\000a\000b\000l\000e\000\040\000M\000a\000p\000p\000i\000n\000g}{section*.22}% 11
\BOOKMARK [2][-]{section*.26}{\376\377\0004\000.\0002\000\040\000C\000o\000n\000c\000e\000p\000t\000u\000a\000l\000\040\000M\000o\000d\000e\000l}{section*.22}% 12
\BOOKMARK [2][-]{section*.28}{\376\377\0004\000.\0003\000\040\000T\000h\000e\000o\000r\000e\000t\000i\000c\000a\000l\000\040\000J\000u\000s\000t\000i\000f\000i\000c\000a\000t\000i\000o\000n}{section*.22}% 13
\BOOKMARK [2][-]{section*.30}{\376\377\0004\000.\0004\000\040\000I\000m\000p\000l\000i\000c\000a\000t\000i\000o\000n\000s\000\040\000f\000o\000r\000\040\000R\000e\000s\000e\000a\000r\000c\000h\000\040\000D\000e\000s\000i\000g\000n}{section*.22}% 14
\BOOKMARK [1][-]{section*.32}{\376\377\0005\000\040\000R\000e\000s\000e\000a\000r\000c\000h\000\040\000M\000e\000t\000h\000o\000d\000o\000l\000o\000g\000y}{}% 15
\BOOKMARK [2][-]{section*.34}{\376\377\0005\000.\0001\000\040\000R\000e\000s\000e\000a\000r\000c\000h\000\040\000D\000e\000s\000i\000g\000n\000\040\000a\000n\000d\000\040\000M\000e\000t\000h\000o\000d}{section*.32}% 16
\BOOKMARK [2][-]{section*.36}{\376\377\0005\000.\0001\000\040\000D\000a\000t\000a\000\040\000A\000n\000a\000l\000y\000s\000i\000s}{section*.32}% 17
\BOOKMARK [1][-]{section*.38}{\376\377\0006\000\040\000L\000i\000m\000i\000t\000a\000t\000i\000o\000n\000s}{}% 18
\BOOKMARK [1][-]{section*.40}{\376\377\0007\000\040\000E\000t\000h\000i\000c\000s\000\040\000C\000o\000n\000s\000i\000d\000e\000r\000a\000t\000i\000o\000n\000s}{}% 19
\BOOKMARK [1][-]{section*.42}{\376\377\0008\000\040\000S\000i\000g\000n\000i\000f\000i\000c\000a\000n\000c\000e\000\040\000o\000f\000\040\000R\000e\000s\000e\000a\000r\000c\000h}{}% 20
\BOOKMARK [1][-]{section*.44}{\376\377\0009\000\040\000S\000c\000h\000e\000d\000u\000l\000e}{}% 21
\BOOKMARK [1][-]{section*.46}{\376\377\0001\0000\000\040\000D\000i\000s\000s\000e\000r\000t\000a\000t\000i\000o\000n\000/\000T\000h\000e\000s\000i\000s\000\040\000O\000u\000t\000l\000i\000n\000e}{}% 22
\BOOKMARK [2][-]{section*.48}{\376\377\0009\000.\0001\000\040\000R\000e\000f\000e\000r\000e\000n\000c\000e\000s}{section*.46}% 23
\BOOKMARK [1][-]{section*.50}{\376\377\0001\0001\000\040\000A\000p\000p\000e\000n\000d\000i\000c\000e\000s}{}% 24
